// Jest Snapshot v1, https://goo.gl/fbAQLP

exports[`Prueba en <HookAp> should show successful 1`] = `
<div>
  <h1>
    Hola Mundo
  </h1>
</div>
`;
